// Jest Snapshot v1, https://goo.gl/fbAQLP

exports[`Avatar should match snapshot 1`] = `
<figure
  className="avatar avatar-xl bg-primary"
  data-initial="XL"
/>
`;
