// Jest Snapshot v1, https://goo.gl/fbAQLP

exports[`Label should match snapshot 1`] = `
<span
  className="label label-undefined"
/>
`;

exports[`Label should match snapshot with props 1`] = `
<span
  className="testing label label-primary"
  style={
    Object {
      "float": "left",
    }
  }
/>
`;
